<Report>
  <Paper>
    <PaperName>A4</PaperName>
    <Width>827</Width>
    <Height>1169</Height>
    <Kind>Custom</Kind>
    <RawKind>0</RawKind>
  </Paper>
  <Controls>
    <StaticPictureBox>
      <Location>
        <X>645</X>
        <Y>1042</Y>
      </Location>
      <Size>
        <Width>83</Width>
        <Height>33</Height>
      </Size>
      <Image>
      </Image>
      <Order>3</Order>
      <Memo>
      </Memo>
    </StaticPictureBox>
    <DynamicText>
      <Location>
        <X>570</X>
        <Y>1042</Y>
      </Location>
      <Size>
        <Width>77</Width>
        <Height>32</Height>
      </Size>
      <Font>
        <Name>宋体</Name>
        <Size>12</Size>
        <Bold>False</Bold>
        <Italic>False</Italic>
        <Strikeout>False</Strikeout>
        <Underline>False</Underline>
      </Font>
      <TabIndex>563</TabIndex>
      <TabStop>True</TabStop>
      <DataField>AuditDoctorName</DataField>
      <Text>审核医生</Text>
      <CanEdit>0</CanEdit>
      <TextAlign>MiddleLeft</TextAlign>
    </DynamicText>
    <StaticPictureBox>
      <Location>
        <X>384</X>
        <Y>1037</Y>
      </Location>
      <Size>
        <Width>90</Width>
        <Height>34</Height>
      </Size>
      <Image>
      </Image>
      <Order>2</Order>
      <Memo>
      </Memo>
    </StaticPictureBox>
    <DynamicText>
      <Location>
        <X>309</X>
        <Y>1043</Y>
      </Location>
      <Size>
        <Width>75</Width>
        <Height>32</Height>
      </Size>
      <Font>
        <Name>宋体</Name>
        <Size>12</Size>
        <Bold>False</Bold>
        <Italic>False</Italic>
        <Strikeout>False</Strikeout>
        <Underline>False</Underline>
      </Font>
      <TabIndex>561</TabIndex>
      <TabStop>True</TabStop>
      <DataField>ReportDoctorName</DataField>
      <Text>报告医生</Text>
      <CanEdit>0</CanEdit>
      <TextAlign>MiddleLeft</TextAlign>
    </DynamicText>
    <DynamicText>
      <Location>
        <X>582</X>
        <Y>185</Y>
      </Location>
      <Size>
        <Width>145</Width>
        <Height>32</Height>
      </Size>
      <Font>
        <Name>宋体</Name>
        <Size>12</Size>
        <Bold>False</Bold>
        <Italic>False</Italic>
        <Strikeout>False</Strikeout>
        <Underline>False</Underline>
      </Font>
      <TabIndex>208</TabIndex>
      <TabStop>True</TabStop>
      <DataField>studyID</DataField>
      <Text>影像号</Text>
      <CanEdit>0</CanEdit>
      <TextAlign>MiddleLeft</TextAlign>
    </DynamicText>
    <DynamicText>
      <Location>
        <X>681</X>
        <Y>300</Y>
      </Location>
      <Size>
        <Width>88</Width>
        <Height>46</Height>
      </Size>
      <Font>
        <Name>宋体</Name>
        <Size>12</Size>
        <Bold>False</Bold>
        <Italic>False</Italic>
        <Strikeout>False</Strikeout>
        <Underline>False</Underline>
      </Font>
      <TabIndex>206</TabIndex>
      <TabStop>True</TabStop>
      <DataField>StudyTime</DataField>
      <Text>检查完成时间</Text>
      <CanEdit>0</CanEdit>
      <TextAlign>MiddleLeft</TextAlign>
    </DynamicText>
    <DynamicText>
      <Location>
        <X>681</X>
        <Y>262</Y>
      </Location>
      <Size>
        <Width>73</Width>
        <Height>28</Height>
      </Size>
      <Font>
        <Name>宋体</Name>
        <Size>12</Size>
        <Bold>False</Bold>
        <Italic>False</Italic>
        <Strikeout>False</Strikeout>
        <Underline>False</Underline>
      </Font>
      <TabIndex>221</TabIndex>
      <TabStop>True</TabStop>
      <DataField>BedNo</DataField>
      <Text>床号</Text>
      <CanEdit>0</CanEdit>
      <TextAlign>MiddleLeft</TextAlign>
    </DynamicText>
    <DynamicText>
      <Location>
        <X>681</X>
        <Y>227</Y>
      </Location>
      <Size>
        <Width>77</Width>
        <Height>30</Height>
      </Size>
      <Font>
        <Name>宋体</Name>
        <Size>12</Size>
        <Bold>False</Bold>
        <Italic>False</Italic>
        <Strikeout>False</Strikeout>
        <Underline>False</Underline>
      </Font>
      <TabIndex>397</TabIndex>
      <TabStop>True</TabStop>
      <DataField>ApplyDoctor</DataField>
      <Text>申请医生</Text>
      <CanEdit>0</CanEdit>
      <TextAlign>MiddleLeft</TextAlign>
    </DynamicText>
    <DynamicText>
      <Location>
        <X>499</X>
        <Y>263</Y>
      </Location>
      <Size>
        <Width>66</Width>
        <Height>26</Height>
      </Size>
      <Font>
        <Name>宋体</Name>
        <Size>12</Size>
        <Bold>False</Bold>
        <Italic>False</Italic>
        <Strikeout>False</Strikeout>
        <Underline>False</Underline>
      </Font>
      <TabIndex>366</TabIndex>
      <TabStop>True</TabStop>
      <DataField>
      </DataField>
      <Text>住院号</Text>
      <CanEdit>0</CanEdit>
      <TextAlign>MiddleLeft</TextAlign>
    </DynamicText>
    <DynamicText>
      <Location>
        <X>499</X>
        <Y>227</Y>
      </Location>
      <Size>
        <Width>40</Width>
        <Height>28</Height>
      </Size>
      <Font>
        <Name>宋体</Name>
        <Size>12</Size>
        <Bold>False</Bold>
        <Italic>False</Italic>
        <Strikeout>False</Strikeout>
        <Underline>False</Underline>
      </Font>
      <TabIndex>201</TabIndex>
      <TabStop>True</TabStop>
      <DataField>Age</DataField>
      <Text>年龄</Text>
      <CanEdit>0</CanEdit>
      <TextAlign>MiddleLeft</TextAlign>
    </DynamicText>
    <DynamicText>
      <Location>
        <X>316</X>
        <Y>263</Y>
      </Location>
      <Size>
        <Width>92</Width>
        <Height>28</Height>
      </Size>
      <Font>
        <Name>宋体</Name>
        <Size>12</Size>
        <Bold>False</Bold>
        <Italic>False</Italic>
        <Strikeout>False</Strikeout>
        <Underline>False</Underline>
      </Font>
      <TabIndex>272</TabIndex>
      <TabStop>True</TabStop>
      <DataField>PatientNo</DataField>
      <Text>门诊号</Text>
      <CanEdit>0</CanEdit>
      <TextAlign>MiddleLeft</TextAlign>
    </DynamicText>
    <DynamicText>
      <Location>
        <X>316</X>
        <Y>226</Y>
      </Location>
      <Size>
        <Width>40</Width>
        <Height>29</Height>
      </Size>
      <Font>
        <Name>宋体</Name>
        <Size>12</Size>
        <Bold>False</Bold>
        <Italic>False</Italic>
        <Strikeout>False</Strikeout>
        <Underline>False</Underline>
      </Font>
      <TabIndex>199</TabIndex>
      <TabStop>True</TabStop>
      <DataField>Sex</DataField>
      <Text>性别</Text>
      <CanEdit>0</CanEdit>
      <TextAlign>MiddleLeft</TextAlign>
    </DynamicText>
    <DynamicText>
      <Location>
        <X>117</X>
        <Y>299</Y>
      </Location>
      <Size>
        <Width>445</Width>
        <Height>45</Height>
      </Size>
      <Font>
        <Name>宋体</Name>
        <Size>12</Size>
        <Bold>False</Bold>
        <Italic>False</Italic>
        <Strikeout>False</Strikeout>
        <Underline>False</Underline>
      </Font>
      <TabIndex>225</TabIndex>
      <TabStop>True</TabStop>
      <DataField>PartOfCheck</DataField>
      <Text>检查部位</Text>
      <CanEdit>0</CanEdit>
      <TextAlign>MiddleLeft</TextAlign>
    </DynamicText>
    <DynamicText>
      <Location>
        <X>117</X>
        <Y>260</Y>
      </Location>
      <Size>
        <Width>98</Width>
        <Height>32</Height>
      </Size>
      <Font>
        <Name>宋体</Name>
        <Size>12</Size>
        <Bold>False</Bold>
        <Italic>False</Italic>
        <Strikeout>False</Strikeout>
        <Underline>False</Underline>
      </Font>
      <TabIndex>204</TabIndex>
      <TabStop>True</TabStop>
      <DataField>ApplyOffice</DataField>
      <Text>申请科室</Text>
      <CanEdit>0</CanEdit>
      <TextAlign>MiddleLeft</TextAlign>
    </DynamicText>
    <DynamicText>
      <Location>
        <X>117</X>
        <Y>225</Y>
      </Location>
      <Size>
        <Width>98</Width>
        <Height>31</Height>
      </Size>
      <Font>
        <Name>宋体</Name>
        <Size>12</Size>
        <Bold>False</Bold>
        <Italic>False</Italic>
        <Strikeout>False</Strikeout>
        <Underline>False</Underline>
      </Font>
      <TabIndex>197</TabIndex>
      <TabStop>True</TabStop>
      <DataField>PatientName</DataField>
      <Text>姓名</Text>
      <CanEdit>0</CanEdit>
      <TextAlign>MiddleLeft</TextAlign>
    </DynamicText>
    <DynamicText>
      <Location>
        <X>117</X>
        <Y>185</Y>
      </Location>
      <Size>
        <Width>207</Width>
        <Height>32</Height>
      </Size>
      <Font>
        <Name>宋体</Name>
        <Size>12</Size>
        <Bold>False</Bold>
        <Italic>False</Italic>
        <Strikeout>False</Strikeout>
        <Underline>False</Underline>
      </Font>
      <TabIndex>211</TabIndex>
      <TabStop>True</TabStop>
      <DataField>AccessionNo</DataField>
      <Text>检查号</Text>
      <CanEdit>0</CanEdit>
      <TextAlign>MiddleLeft</TextAlign>
    </DynamicText>
    <StaticText>
      <Location>
        <X>597</X>
        <Y>301</Y>
      </Location>
      <Size>
        <Width>94</Width>
        <Height>28</Height>
      </Size>
      <Font>
        <Name>宋体</Name>
        <Size>12</Size>
        <Bold>False</Bold>
        <Italic>False</Italic>
        <Strikeout>False</Strikeout>
        <Underline>False</Underline>
      </Font>
      <TabIndex>20</TabIndex>
      <TabStop>True</TabStop>
      <Text>检查日期：</Text>
      <TextAlign>MiddleLeft</TextAlign>
    </StaticText>
    <StaticText>
      <Location>
        <X>598</X>
        <Y>264</Y>
      </Location>
      <Size>
        <Width>99</Width>
        <Height>24</Height>
      </Size>
      <Font>
        <Name>宋体</Name>
        <Size>12</Size>
        <Bold>False</Bold>
        <Italic>False</Italic>
        <Strikeout>False</Strikeout>
        <Underline>False</Underline>
      </Font>
      <TabIndex>26</TabIndex>
      <TabStop>True</TabStop>
      <Text>床    号：</Text>
      <TextAlign>MiddleLeft</TextAlign>
    </StaticText>
    <StaticText>
      <Location>
        <X>599</X>
        <Y>226</Y>
      </Location>
      <Size>
        <Width>96</Width>
        <Height>31</Height>
      </Size>
      <Font>
        <Name>宋体</Name>
        <Size>12</Size>
        <Bold>False</Bold>
        <Italic>False</Italic>
        <Strikeout>False</Strikeout>
        <Underline>False</Underline>
      </Font>
      <TabIndex>394</TabIndex>
      <TabStop>True</TabStop>
      <Text>申请医生:</Text>
      <TextAlign>MiddleLeft</TextAlign>
    </StaticText>
    <DynamicText>
      <Location>
        <X>62</X>
        <Y>803</Y>
      </Location>
      <Size>
        <Width>687</Width>
        <Height>220</Height>
      </Size>
      <Font>
        <Name>宋体</Name>
        <Size>12</Size>
        <Bold>False</Bold>
        <Italic>False</Italic>
        <Strikeout>False</Strikeout>
        <Underline>False</Underline>
      </Font>
      <TabIndex>103</TabIndex>
      <TabStop>True</TabStop>
      <DataField>Conclusion</DataField>
      <Text>Dynamic Text</Text>
      <CanEdit>0</CanEdit>
      <TextAlign>MiddleLeft</TextAlign>
    </DynamicText>
    <DynamicText>
      <Location>
        <X>62</X>
        <Y>381</Y>
      </Location>
      <Size>
        <Width>682</Width>
        <Height>383</Height>
      </Size>
      <Font>
        <Name>宋体</Name>
        <Size>12</Size>
        <Bold>False</Bold>
        <Italic>False</Italic>
        <Strikeout>False</Strikeout>
        <Underline>False</Underline>
      </Font>
      <TabIndex>105</TabIndex>
      <TabStop>True</TabStop>
      <DataField>ImageDescription</DataField>
      <Text>Dynamic Text</Text>
      <CanEdit>0</CanEdit>
      <TextAlign>MiddleLeft</TextAlign>
    </DynamicText>
    <StaticText>
      <Location>
        <X>40</X>
        <Y>349</Y>
      </Location>
      <Size>
        <Width>109</Width>
        <Height>32</Height>
      </Size>
      <Font>
        <Name>宋体</Name>
        <Size>12</Size>
        <Bold>False</Bold>
        <Italic>False</Italic>
        <Strikeout>False</Strikeout>
        <Underline>False</Underline>
      </Font>
      <TabIndex>99</TabIndex>
      <TabStop>True</TabStop>
      <Text>影像学表现：</Text>
      <TextAlign>MiddleLeft</TextAlign>
    </StaticText>
    <StaticLine>
      <Location>
        <X>31</X>
        <Y>347</Y>
      </Location>
      <Size>
        <Width>744</Width>
        <Height>12</Height>
      </Size>
      <LineWidth>1</LineWidth>
      <Orientation>1</Orientation>
    </StaticLine>
    <StaticText>
      <Location>
        <X>250</X>
        <Y>225</Y>
      </Location>
      <Size>
        <Width>75</Width>
        <Height>30</Height>
      </Size>
      <Font>
        <Name>宋体</Name>
        <Size>12</Size>
        <Bold>False</Bold>
        <Italic>False</Italic>
        <Strikeout>False</Strikeout>
        <Underline>False</Underline>
      </Font>
      <TabIndex>9</TabIndex>
      <TabStop>True</TabStop>
      <Text>性  别：</Text>
      <TextAlign>MiddleLeft</TextAlign>
    </StaticText>
    <StaticText>
      <Location>
        <X>39</X>
        <Y>184</Y>
      </Location>
      <Size>
        <Width>93</Width>
        <Height>32</Height>
      </Size>
      <Font>
        <Name>宋体</Name>
        <Size>12</Size>
        <Bold>False</Bold>
        <Italic>False</Italic>
        <Strikeout>False</Strikeout>
        <Underline>False</Underline>
      </Font>
      <TabIndex>24</TabIndex>
      <TabStop>True</TabStop>
      <Text>检 查 号：</Text>
      <TextAlign>MiddleLeft</TextAlign>
    </StaticText>
    <StaticText>
      <Location>
        <X>39</X>
        <Y>224</Y>
      </Location>
      <Size>
        <Width>93</Width>
        <Height>33</Height>
      </Size>
      <Font>
        <Name>宋体</Name>
        <Size>12</Size>
        <Bold>False</Bold>
        <Italic>False</Italic>
        <Strikeout>False</Strikeout>
        <Underline>False</Underline>
      </Font>
      <TabIndex>7</TabIndex>
      <TabStop>True</TabStop>
      <Text>姓    名：</Text>
      <TextAlign>MiddleLeft</TextAlign>
    </StaticText>
    <StaticText>
      <Location>
        <X>520</X>
        <Y>184</Y>
      </Location>
      <Size>
        <Width>85</Width>
        <Height>32</Height>
      </Size>
      <Font>
        <Name>宋体</Name>
        <Size>12</Size>
        <Bold>False</Bold>
        <Italic>False</Italic>
        <Strikeout>False</Strikeout>
        <Underline>False</Underline>
      </Font>
      <TabIndex>22</TabIndex>
      <TabStop>True</TabStop>
      <Text>影像号：</Text>
      <TextAlign>MiddleLeft</TextAlign>
    </StaticText>
    <DynamicText>
      <Location>
        <X>576</X>
        <Y>1082</Y>
      </Location>
      <Size>
        <Width>196</Width>
        <Height>32</Height>
      </Size>
      <Font>
        <Name>宋体</Name>
        <Size>12</Size>
        <Bold>False</Bold>
        <Italic>False</Italic>
        <Strikeout>False</Strikeout>
        <Underline>False</Underline>
      </Font>
      <TabIndex>131</TabIndex>
      <TabStop>True</TabStop>
      <DataField>ReportDatetime</DataField>
      <Text>报告时间</Text>
      <CanEdit>0</CanEdit>
      <TextAlign>MiddleLeft</TextAlign>
    </DynamicText>
    <StaticText>
      <Location>
        <X>483</X>
        <Y>1082</Y>
      </Location>
      <Size>
        <Width>92</Width>
        <Height>32</Height>
      </Size>
      <Font>
        <Name>宋体</Name>
        <Size>12</Size>
        <Bold>False</Bold>
        <Italic>False</Italic>
        <Strikeout>False</Strikeout>
        <Underline>False</Underline>
      </Font>
      <TabIndex>123</TabIndex>
      <TabStop>True</TabStop>
      <Text>报告时间：</Text>
      <TextAlign>MiddleLeft</TextAlign>
    </StaticText>
    <StaticText>
      <Location>
        <X>39</X>
        <Y>1082</Y>
      </Location>
      <Size>
        <Width>437</Width>
        <Height>32</Height>
      </Size>
      <Font>
        <Name>宋体</Name>
        <Size>11</Size>
        <Bold>False</Bold>
        <Italic>False</Italic>
        <Strikeout>False</Strikeout>
        <Underline>False</Underline>
      </Font>
      <TabIndex>97</TabIndex>
      <TabStop>True</TabStop>
      <Text>本报告仅作临床医师参考，不作其他用途，无手写签名无效！</Text>
      <TextAlign>MiddleLeft</TextAlign>
    </StaticText>
    <StaticText>
      <Location>
        <X>307</X>
        <Y>101</Y>
      </Location>
      <Size>
        <Width>185</Width>
        <Height>38</Height>
      </Size>
      <Font>
        <Name>宋体</Name>
        <Size>15</Size>
        <Bold>False</Bold>
        <Italic>False</Italic>
        <Strikeout>False</Strikeout>
        <Underline>False</Underline>
      </Font>
      <TabIndex>4</TabIndex>
      <TabStop>True</TabStop>
      <Text>RF检查报告单</Text>
      <TextAlign>MiddleCenter</TextAlign>
    </StaticText>
    <StaticText>
      <Location>
        <X>493</X>
        <Y>1043</Y>
      </Location>
      <Size>
        <Width>96</Width>
        <Height>32</Height>
      </Size>
      <Font>
        <Name>宋体</Name>
        <Size>12</Size>
        <Bold>False</Bold>
        <Italic>False</Italic>
        <Strikeout>False</Strikeout>
        <Underline>False</Underline>
      </Font>
      <TabIndex>120</TabIndex>
      <TabStop>True</TabStop>
      <Text>审核医师：</Text>
      <TextAlign>MiddleLeft</TextAlign>
    </StaticText>
    <StaticText>
      <Location>
        <X>230</X>
        <Y>1044</Y>
      </Location>
      <Size>
        <Width>94</Width>
        <Height>32</Height>
      </Size>
      <Font>
        <Name>宋体</Name>
        <Size>12</Size>
        <Bold>False</Bold>
        <Italic>False</Italic>
        <Strikeout>False</Strikeout>
        <Underline>False</Underline>
      </Font>
      <TabIndex>112</TabIndex>
      <TabStop>True</TabStop>
      <Text>报告医师：</Text>
      <TextAlign>MiddleLeft</TextAlign>
    </StaticText>
    <StaticLine>
      <Location>
        <X>25</X>
        <Y>1075</Y>
      </Location>
      <Size>
        <Width>735</Width>
        <Height>12</Height>
      </Size>
      <LineWidth>1</LineWidth>
      <Orientation>1</Orientation>
    </StaticLine>
    <StaticText>
      <Location>
        <X>40</X>
        <Y>770</Y>
      </Location>
      <Size>
        <Width>114</Width>
        <Height>32</Height>
      </Size>
      <Font>
        <Name>宋体</Name>
        <Size>12</Size>
        <Bold>False</Bold>
        <Italic>False</Italic>
        <Strikeout>False</Strikeout>
        <Underline>False</Underline>
      </Font>
      <TabIndex>101</TabIndex>
      <TabStop>True</TabStop>
      <Text>影像学诊断：</Text>
      <TextAlign>MiddleLeft</TextAlign>
    </StaticText>
    <StaticText>
      <Location>
        <X>38</X>
        <Y>298</Y>
      </Location>
      <Size>
        <Width>95</Width>
        <Height>30</Height>
      </Size>
      <Font>
        <Name>宋体</Name>
        <Size>12</Size>
        <Bold>False</Bold>
        <Italic>False</Italic>
        <Strikeout>False</Strikeout>
        <Underline>False</Underline>
      </Font>
      <TabIndex>48</TabIndex>
      <TabStop>True</TabStop>
      <Text>检查部位：</Text>
      <TextAlign>MiddleLeft</TextAlign>
    </StaticText>
    <StaticLine>
      <Location>
        <X>30</X>
        <Y>216</Y>
      </Location>
      <Size>
        <Width>747</Width>
        <Height>12</Height>
      </Size>
      <LineWidth>1</LineWidth>
      <Orientation>1</Orientation>
    </StaticLine>
    <StaticText>
      <Location>
        <X>435</X>
        <Y>263</Y>
      </Location>
      <Size>
        <Width>80</Width>
        <Height>29</Height>
      </Size>
      <Font>
        <Name>宋体</Name>
        <Size>12</Size>
        <Bold>False</Bold>
        <Italic>False</Italic>
        <Strikeout>False</Strikeout>
        <Underline>False</Underline>
      </Font>
      <TabIndex>362</TabIndex>
      <TabStop>True</TabStop>
      <Text>住院号:</Text>
      <TextAlign>MiddleLeft</TextAlign>
    </StaticText>
    <StaticText>
      <Location>
        <X>250</X>
        <Y>262</Y>
      </Location>
      <Size>
        <Width>75</Width>
        <Height>30</Height>
      </Size>
      <Font>
        <Name>宋体</Name>
        <Size>12</Size>
        <Bold>False</Bold>
        <Italic>False</Italic>
        <Strikeout>False</Strikeout>
        <Underline>False</Underline>
      </Font>
      <TabIndex>15</TabIndex>
      <TabStop>True</TabStop>
      <Text>门诊号：</Text>
      <TextAlign>MiddleLeft</TextAlign>
    </StaticText>
    <StaticText>
      <Location>
        <X>39</X>
        <Y>259</Y>
      </Location>
      <Size>
        <Width>95</Width>
        <Height>32</Height>
      </Size>
      <Font>
        <Name>宋体</Name>
        <Size>12</Size>
        <Bold>False</Bold>
        <Italic>False</Italic>
        <Strikeout>False</Strikeout>
        <Underline>False</Underline>
      </Font>
      <TabIndex>17</TabIndex>
      <TabStop>True</TabStop>
      <Text>申请科室：</Text>
      <TextAlign>MiddleLeft</TextAlign>
    </StaticText>
    <StaticText>
      <Location>
        <X>263</X>
        <Y>59</Y>
      </Location>
      <Size>
        <Width>292</Width>
        <Height>35</Height>
      </Size>
      <Font>
        <Name>宋体</Name>
        <Size>20</Size>
        <Bold>False</Bold>
        <Italic>False</Italic>
        <Strikeout>False</Strikeout>
        <Underline>False</Underline>
      </Font>
      <TabIndex>0</TabIndex>
      <TabStop>True</TabStop>
      <Text>济南市第三人民医院</Text>
      <TextAlign>MiddleCenter</TextAlign>
    </StaticText>
    <StaticPictureBox>
      <Location>
        <X>580</X>
        <Y>40</Y>
      </Location>
      <Size>
        <Width>136</Width>
        <Height>123</Height>
      </Size>
      <Image>
      </Image>
      <Order>1</Order>
      <Memo>
      </Memo>
    </StaticPictureBox>
    <StaticText>
      <Location>
        <X>435</X>
        <Y>228</Y>
      </Location>
      <Size>
        <Width>76</Width>
        <Height>27</Height>
      </Size>
      <Font>
        <Name>宋体</Name>
        <Size>12</Size>
        <Bold>False</Bold>
        <Italic>False</Italic>
        <Strikeout>False</Strikeout>
        <Underline>False</Underline>
      </Font>
      <TabIndex>11</TabIndex>
      <TabStop>True</TabStop>
      <Text>年  龄：</Text>
      <TextAlign>MiddleLeft</TextAlign>
    </StaticText>
    <StaticLine>
      <Location>
        <X>1472</X>
        <Y>1110</Y>
      </Location>
      <Size>
        <Width>12</Width>
        <Height>780</Height>
      </Size>
      <LineWidth>1</LineWidth>
      <Orientation>2</Orientation>
    </StaticLine>
  </Controls>
</Report>