<Report>
  <Paper>
    <PaperName>A4</PaperName>
    <Width>827</Width>
    <Height>1169</Height>
    <Kind>Custom</Kind>
    <RawKind>0</RawKind>
  </Paper>
  <Controls>
    <StaticText>
      <Location>
        <X>288</X>
        <Y>50</Y>
      </Location>
      <Size>
        <Width>178</Width>
        <Height>35</Height>
      </Size>
      <Font>
        <Name>微软雅黑</Name>
        <Size>17.25</Size>
        <Bold>False</Bold>
        <Italic>False</Italic>
        <Strikeout>False</Strikeout>
        <Underline>False</Underline>
      </Font>
      <TabIndex>0</TabIndex>
      <TabStop>True</TabStop>
      <Text>曲阜市人民医院</Text>
      <TextAlign>MiddleCenter</TextAlign>
    </StaticText>
    <DynamicText>
      <Location>
        <X>56</X>
        <Y>452</Y>
      </Location>
      <Size>
        <Width>702</Width>
        <Height>275</Height>
      </Size>
      <Font>
        <Name>微软雅黑</Name>
        <Size>12</Size>
        <Bold>False</Bold>
        <Italic>False</Italic>
        <Strikeout>False</Strikeout>
        <Underline>False</Underline>
      </Font>
      <TabIndex>105</TabIndex>
      <TabStop>True</TabStop>
      <DataField>ImageDescription</DataField>
      <Text>Dynamic Text</Text>
      <CanEdit>0</CanEdit>
      <TextAlign>MiddleLeft</TextAlign>
    </DynamicText>
    <DynamicText>
      <Location>
        <X>54</X>
        <Y>774</Y>
      </Location>
      <Size>
        <Width>703</Width>
        <Height>206</Height>
      </Size>
      <Font>
        <Name>微软雅黑</Name>
        <Size>12</Size>
        <Bold>False</Bold>
        <Italic>False</Italic>
        <Strikeout>False</Strikeout>
        <Underline>False</Underline>
      </Font>
      <TabIndex>103</TabIndex>
      <TabStop>True</TabStop>
      <DataField>Conclusion</DataField>
      <Text>Dynamic Text</Text>
      <CanEdit>0</CanEdit>
      <TextAlign>MiddleLeft</TextAlign>
    </DynamicText>
    <StaticText>
      <Location>
        <X>55</X>
        <Y>738</Y>
      </Location>
      <Size>
        <Width>114</Width>
        <Height>32</Height>
      </Size>
      <Font>
        <Name>微软雅黑</Name>
        <Size>12</Size>
        <Bold>False</Bold>
        <Italic>False</Italic>
        <Strikeout>False</Strikeout>
        <Underline>False</Underline>
      </Font>
      <TabIndex>101</TabIndex>
      <TabStop>True</TabStop>
      <Text>影像学诊断：</Text>
      <TextAlign>MiddleLeft</TextAlign>
    </StaticText>
    <StaticText>
      <Location>
        <X>56</X>
        <Y>411</Y>
      </Location>
      <Size>
        <Width>109</Width>
        <Height>32</Height>
      </Size>
      <Font>
        <Name>微软雅黑</Name>
        <Size>12</Size>
        <Bold>False</Bold>
        <Italic>False</Italic>
        <Strikeout>False</Strikeout>
        <Underline>False</Underline>
      </Font>
      <TabIndex>99</TabIndex>
      <TabStop>True</TabStop>
      <Text>影像学表现：</Text>
      <TextAlign>MiddleLeft</TextAlign>
    </StaticText>
    <DynamicText>
      <Location>
        <X>701</X>
        <Y>232</Y>
      </Location>
      <Size>
        <Width>80</Width>
        <Height>32</Height>
      </Size>
      <Font>
        <Name>微软雅黑</Name>
        <Size>12</Size>
        <Bold>False</Bold>
        <Italic>False</Italic>
        <Strikeout>False</Strikeout>
        <Underline>False</Underline>
      </Font>
      <TabIndex>208</TabIndex>
      <TabStop>True</TabStop>
      <DataField>PatientId</DataField>
      <Text>影像号</Text>
      <CanEdit>0</CanEdit>
      <TextAlign>MiddleLeft</TextAlign>
    </DynamicText>
    <DynamicText>
      <Location>
        <X>107</X>
        <Y>326</Y>
      </Location>
      <Size>
        <Width>253</Width>
        <Height>32</Height>
      </Size>
      <Font>
        <Name>微软雅黑</Name>
        <Size>12</Size>
        <Bold>False</Bold>
        <Italic>False</Italic>
        <Strikeout>False</Strikeout>
        <Underline>False</Underline>
      </Font>
      <TabIndex>225</TabIndex>
      <TabStop>True</TabStop>
      <DataField>PartOfCheck</DataField>
      <Text>检查部位</Text>
      <CanEdit>0</CanEdit>
      <TextAlign>MiddleLeft</TextAlign>
    </DynamicText>
    <DynamicText>
      <Location>
        <X>506</X>
        <Y>326</Y>
      </Location>
      <Size>
        <Width>274</Width>
        <Height>32</Height>
      </Size>
      <Font>
        <Name>微软雅黑</Name>
        <Size>12</Size>
        <Bold>False</Bold>
        <Italic>False</Italic>
        <Strikeout>False</Strikeout>
        <Underline>False</Underline>
      </Font>
      <TabIndex>238</TabIndex>
      <TabStop>True</TabStop>
      <DataField>ExamMethod</DataField>
      <Text>检查方法</Text>
      <CanEdit>0</CanEdit>
      <TextAlign>MiddleLeft</TextAlign>
    </DynamicText>
    <DynamicText>
      <Location>
        <X>702</X>
        <Y>278</Y>
      </Location>
      <Size>
        <Width>80</Width>
        <Height>32</Height>
      </Size>
      <Font>
        <Name>微软雅黑</Name>
        <Size>12</Size>
        <Bold>False</Bold>
        <Italic>False</Italic>
        <Strikeout>False</Strikeout>
        <Underline>False</Underline>
      </Font>
      <TabIndex>221</TabIndex>
      <TabStop>True</TabStop>
      <DataField>BedNo</DataField>
      <Text>床号</Text>
      <CanEdit>0</CanEdit>
      <TextAlign>MiddleLeft</TextAlign>
    </DynamicText>
    <DynamicText>
      <Location>
        <X>94</X>
        <Y>279</Y>
      </Location>
      <Size>
        <Width>207</Width>
        <Height>32</Height>
      </Size>
      <Font>
        <Name>微软雅黑</Name>
        <Size>12</Size>
        <Bold>False</Bold>
        <Italic>False</Italic>
        <Strikeout>False</Strikeout>
        <Underline>False</Underline>
      </Font>
      <TabIndex>211</TabIndex>
      <TabStop>True</TabStop>
      <DataField>AccessionNo</DataField>
      <Text>检查号</Text>
      <CanEdit>0</CanEdit>
      <TextAlign>MiddleLeft</TextAlign>
    </DynamicText>
    <DynamicText>
      <Location>
        <X>463</X>
        <Y>178</Y>
      </Location>
      <Size>
        <Width>48</Width>
        <Height>32</Height>
      </Size>
      <Font>
        <Name>微软雅黑</Name>
        <Size>12</Size>
        <Bold>False</Bold>
        <Italic>False</Italic>
        <Strikeout>False</Strikeout>
        <Underline>False</Underline>
      </Font>
      <TabIndex>201</TabIndex>
      <TabStop>True</TabStop>
      <DataField>Age</DataField>
      <Text>年龄</Text>
      <CanEdit>0</CanEdit>
      <TextAlign>MiddleLeft</TextAlign>
    </DynamicText>
    <DynamicText>
      <Location>
        <X>288</X>
        <Y>182</Y>
      </Location>
      <Size>
        <Width>80</Width>
        <Height>32</Height>
      </Size>
      <Font>
        <Name>微软雅黑</Name>
        <Size>12</Size>
        <Bold>False</Bold>
        <Italic>False</Italic>
        <Strikeout>False</Strikeout>
        <Underline>False</Underline>
      </Font>
      <TabIndex>199</TabIndex>
      <TabStop>True</TabStop>
      <DataField>Sex</DataField>
      <Text>性别</Text>
      <CanEdit>0</CanEdit>
      <TextAlign>MiddleLeft</TextAlign>
    </DynamicText>
    <DynamicText>
      <Location>
        <X>96</X>
        <Y>233</Y>
      </Location>
      <Size>
        <Width>195</Width>
        <Height>32</Height>
      </Size>
      <Font>
        <Name>微软雅黑</Name>
        <Size>12</Size>
        <Bold>False</Bold>
        <Italic>False</Italic>
        <Strikeout>False</Strikeout>
        <Underline>False</Underline>
      </Font>
      <TabIndex>204</TabIndex>
      <TabStop>True</TabStop>
      <DataField>ApplyOffice</DataField>
      <Text>申请科室</Text>
      <CanEdit>0</CanEdit>
      <TextAlign>MiddleLeft</TextAlign>
    </DynamicText>
    <DynamicText>
      <Location>
        <X>92</X>
        <Y>184</Y>
      </Location>
      <Size>
        <Width>80</Width>
        <Height>32</Height>
      </Size>
      <Font>
        <Name>微软雅黑</Name>
        <Size>12</Size>
        <Bold>False</Bold>
        <Italic>False</Italic>
        <Strikeout>False</Strikeout>
        <Underline>False</Underline>
      </Font>
      <TabIndex>197</TabIndex>
      <TabStop>True</TabStop>
      <DataField>PatientName</DataField>
      <Text>姓名</Text>
      <CanEdit>0</CanEdit>
      <TextAlign>MiddleLeft</TextAlign>
    </DynamicText>
    <DynamicText>
      <Location>
        <X>502</X>
        <Y>229</Y>
      </Location>
      <Size>
        <Width>106</Width>
        <Height>32</Height>
      </Size>
      <Font>
        <Name>微软雅黑</Name>
        <Size>12</Size>
        <Bold>False</Bold>
        <Italic>False</Italic>
        <Strikeout>False</Strikeout>
        <Underline>False</Underline>
      </Font>
      <TabIndex>206</TabIndex>
      <TabStop>True</TabStop>
      <DataField>StudyTime</DataField>
      <Text>检查日期</Text>
      <CanEdit>0</CanEdit>
      <TextAlign>MiddleLeft</TextAlign>
    </DynamicText>
    <StaticText>
      <Location>
        <X>255</X>
        <Y>98</Y>
      </Location>
      <Size>
        <Width>243</Width>
        <Height>38</Height>
      </Size>
      <Font>
        <Name>微软雅黑</Name>
        <Size>20.25</Size>
        <Bold>False</Bold>
        <Italic>False</Italic>
        <Strikeout>False</Strikeout>
        <Underline>False</Underline>
      </Font>
      <TabIndex>4</TabIndex>
      <TabStop>True</TabStop>
      <Text>医学影像学报告单</Text>
      <TextAlign>MiddleCenter</TextAlign>
    </StaticText>
    <StaticPictureBox>
      <Location>
        <X>590</X>
        <Y>13</Y>
      </Location>
      <Size>
        <Width>197</Width>
        <Height>151</Height>
      </Size>
      <Image>
      </Image>
    </StaticPictureBox>
    <StaticText>
      <Location>
        <X>214</X>
        <Y>181</Y>
      </Location>
      <Size>
        <Width>60</Width>
        <Height>32</Height>
      </Size>
      <Font>
        <Name>微软雅黑</Name>
        <Size>12</Size>
        <Bold>False</Bold>
        <Italic>False</Italic>
        <Strikeout>False</Strikeout>
        <Underline>False</Underline>
      </Font>
      <TabIndex>9</TabIndex>
      <TabStop>True</TabStop>
      <Text>性别：</Text>
      <TextAlign>MiddleLeft</TextAlign>
    </StaticText>
    <StaticText>
      <Location>
        <X>396</X>
        <Y>179</Y>
      </Location>
      <Size>
        <Width>58</Width>
        <Height>32</Height>
      </Size>
      <Font>
        <Name>微软雅黑</Name>
        <Size>12</Size>
        <Bold>False</Bold>
        <Italic>False</Italic>
        <Strikeout>False</Strikeout>
        <Underline>False</Underline>
      </Font>
      <TabIndex>11</TabIndex>
      <TabStop>True</TabStop>
      <Text>年龄：</Text>
      <TextAlign>MiddleLeft</TextAlign>
    </StaticText>
    <StaticText>
      <Location>
        <X>557</X>
        <Y>179</Y>
      </Location>
      <Size>
        <Width>148</Width>
        <Height>32</Height>
      </Size>
      <Font>
        <Name>微软雅黑</Name>
        <Size>12</Size>
        <Bold>False</Bold>
        <Italic>False</Italic>
        <Strikeout>False</Strikeout>
        <Underline>False</Underline>
      </Font>
      <TabIndex>15</TabIndex>
      <TabStop>True</TabStop>
      <Text>门诊/住院病案号：</Text>
      <TextAlign>MiddleLeft</TextAlign>
    </StaticText>
    <StaticText>
      <Location>
        <X>625</X>
        <Y>232</Y>
      </Location>
      <Size>
        <Width>72</Width>
        <Height>32</Height>
      </Size>
      <Font>
        <Name>微软雅黑</Name>
        <Size>12</Size>
        <Bold>False</Bold>
        <Italic>False</Italic>
        <Strikeout>False</Strikeout>
        <Underline>False</Underline>
      </Font>
      <TabIndex>22</TabIndex>
      <TabStop>True</TabStop>
      <Text>影像号：</Text>
      <TextAlign>MiddleLeft</TextAlign>
    </StaticText>
    <StaticText>
      <Location>
        <X>392</X>
        <Y>228</Y>
      </Location>
      <Size>
        <Width>105</Width>
        <Height>32</Height>
      </Size>
      <Font>
        <Name>微软雅黑</Name>
        <Size>12</Size>
        <Bold>False</Bold>
        <Italic>False</Italic>
        <Strikeout>False</Strikeout>
        <Underline>False</Underline>
      </Font>
      <TabIndex>20</TabIndex>
      <TabStop>True</TabStop>
      <Text>检查日期：</Text>
      <TextAlign>MiddleLeft</TextAlign>
    </StaticText>
    <StaticText>
      <Location>
        <X>15</X>
        <Y>183</Y>
      </Location>
      <Size>
        <Width>58</Width>
        <Height>32</Height>
      </Size>
      <Font>
        <Name>微软雅黑</Name>
        <Size>12</Size>
        <Bold>False</Bold>
        <Italic>False</Italic>
        <Strikeout>False</Strikeout>
        <Underline>False</Underline>
      </Font>
      <TabIndex>7</TabIndex>
      <TabStop>True</TabStop>
      <Text>姓名：</Text>
      <TextAlign>MiddleLeft</TextAlign>
    </StaticText>
    <StaticText>
      <Location>
        <X>18</X>
        <Y>232</Y>
      </Location>
      <Size>
        <Width>59</Width>
        <Height>32</Height>
      </Size>
      <Font>
        <Name>微软雅黑</Name>
        <Size>12</Size>
        <Bold>False</Bold>
        <Italic>False</Italic>
        <Strikeout>False</Strikeout>
        <Underline>False</Underline>
      </Font>
      <TabIndex>17</TabIndex>
      <TabStop>True</TabStop>
      <Text>科别：</Text>
      <TextAlign>MiddleLeft</TextAlign>
    </StaticText>
    <StaticText>
      <Location>
        <X>19</X>
        <Y>278</Y>
      </Location>
      <Size>
        <Width>73</Width>
        <Height>32</Height>
      </Size>
      <Font>
        <Name>微软雅黑</Name>
        <Size>12</Size>
        <Bold>False</Bold>
        <Italic>False</Italic>
        <Strikeout>False</Strikeout>
        <Underline>False</Underline>
      </Font>
      <TabIndex>24</TabIndex>
      <TabStop>True</TabStop>
      <Text>检查号：</Text>
      <TextAlign>MiddleLeft</TextAlign>
    </StaticText>
    <StaticText>
      <Location>
        <X>634</X>
        <Y>276</Y>
      </Location>
      <Size>
        <Width>59</Width>
        <Height>32</Height>
      </Size>
      <Font>
        <Name>微软雅黑</Name>
        <Size>12</Size>
        <Bold>False</Bold>
        <Italic>False</Italic>
        <Strikeout>False</Strikeout>
        <Underline>False</Underline>
      </Font>
      <TabIndex>26</TabIndex>
      <TabStop>True</TabStop>
      <Text>床号：</Text>
      <TextAlign>MiddleLeft</TextAlign>
    </StaticText>
    <StaticPictureBox>
      <Location>
        <X>614</X>
        <Y>997</Y>
      </Location>
      <Size>
        <Width>112</Width>
        <Height>36</Height>
      </Size>
      <Image>
      </Image>
    </StaticPictureBox>
    <StaticPictureBox>
      <Location>
        <X>396</X>
        <Y>999</Y>
      </Location>
      <Size>
        <Width>97</Width>
        <Height>38</Height>
      </Size>
      <Image>
      </Image>
    </StaticPictureBox>
    <DynamicText>
      <Location>
        <X>644</X>
        <Y>1054</Y>
      </Location>
      <Size>
        <Width>80</Width>
        <Height>32</Height>
      </Size>
      <Font>
        <Name>微软雅黑</Name>
        <Size>12</Size>
        <Bold>False</Bold>
        <Italic>False</Italic>
        <Strikeout>False</Strikeout>
        <Underline>False</Underline>
      </Font>
      <TabIndex>131</TabIndex>
      <TabStop>True</TabStop>
      <DataField>PatientId</DataField>
      <Text>Dynamic Text</Text>
      <CanEdit>0</CanEdit>
      <TextAlign>MiddleLeft</TextAlign>
    </DynamicText>
    <StaticText>
      <Location>
        <X>508</X>
        <Y>1055</Y>
      </Location>
      <Size>
        <Width>93</Width>
        <Height>32</Height>
      </Size>
      <Font>
        <Name>微软雅黑</Name>
        <Size>12</Size>
        <Bold>False</Bold>
        <Italic>False</Italic>
        <Strikeout>False</Strikeout>
        <Underline>False</Underline>
      </Font>
      <TabIndex>123</TabIndex>
      <TabStop>True</TabStop>
      <Text>报告时间：</Text>
      <TextAlign>MiddleLeft</TextAlign>
    </StaticText>
    <StaticText>
      <Location>
        <X>296</X>
        <Y>1007</Y>
      </Location>
      <Size>
        <Width>91</Width>
        <Height>32</Height>
      </Size>
      <Font>
        <Name>微软雅黑</Name>
        <Size>12</Size>
        <Bold>False</Bold>
        <Italic>False</Italic>
        <Strikeout>False</Strikeout>
        <Underline>False</Underline>
      </Font>
      <TabIndex>112</TabIndex>
      <TabStop>True</TabStop>
      <Text>报告医师：</Text>
      <TextAlign>MiddleLeft</TextAlign>
    </StaticText>
    <StaticText>
      <Location>
        <X>507</X>
        <Y>1006</Y>
      </Location>
      <Size>
        <Width>88</Width>
        <Height>32</Height>
      </Size>
      <Font>
        <Name>微软雅黑</Name>
        <Size>12</Size>
        <Bold>False</Bold>
        <Italic>False</Italic>
        <Strikeout>False</Strikeout>
        <Underline>False</Underline>
      </Font>
      <TabIndex>120</TabIndex>
      <TabStop>True</TabStop>
      <Text>审核医师：</Text>
      <TextAlign>MiddleLeft</TextAlign>
    </StaticText>
    <StaticText>
      <Location>
        <X>38</X>
        <Y>1106</Y>
      </Location>
      <Size>
        <Width>259</Width>
        <Height>32</Height>
      </Size>
      <Font>
        <Name>微软雅黑</Name>
        <Size>12</Size>
        <Bold>False</Bold>
        <Italic>False</Italic>
        <Strikeout>False</Strikeout>
        <Underline>False</Underline>
      </Font>
      <TabIndex>97</TabIndex>
      <TabStop>True</TabStop>
      <Text>备注：本结果仅供临床医生参考。</Text>
      <TextAlign>MiddleLeft</TextAlign>
    </StaticText>
    <StaticLine>
      <Location>
        <X>18</X>
        <Y>1101</Y>
      </Location>
      <Size>
        <Width>767</Width>
        <Height>12</Height>
      </Size>
      <LineWidth>1</LineWidth>
      <Orientation>1</Orientation>
    </StaticLine>
    <StaticLine>
      <Location>
        <X>17</X>
        <Y>321</Y>
      </Location>
      <Size>
        <Width>12</Width>
        <Height>780</Height>
      </Size>
      <LineWidth>1</LineWidth>
      <Orientation>2</Orientation>
    </StaticLine>
    <StaticLine>
      <Location>
        <X>787</X>
        <Y>322</Y>
      </Location>
      <Size>
        <Width>12</Width>
        <Height>780</Height>
      </Size>
      <LineWidth>1</LineWidth>
      <Orientation>2</Orientation>
    </StaticLine>
    <StaticLine>
      <Location>
        <X>493</X>
        <Y>322</Y>
      </Location>
      <Size>
        <Width>12</Width>
        <Height>40</Height>
      </Size>
      <LineWidth>1</LineWidth>
      <Orientation>2</Orientation>
    </StaticLine>
    <StaticLine>
      <Location>
        <X>96</X>
        <Y>322</Y>
      </Location>
      <Size>
        <Width>12</Width>
        <Height>76</Height>
      </Size>
      <LineWidth>1</LineWidth>
      <Orientation>2</Orientation>
    </StaticLine>
    <StaticLine>
      <Location>
        <X>22</X>
        <Y>397</Y>
      </Location>
      <Size>
        <Width>762</Width>
        <Height>13</Height>
      </Size>
      <LineWidth>1</LineWidth>
      <Orientation>1</Orientation>
    </StaticLine>
    <StaticText>
      <Location>
        <X>380</X>
        <Y>327</Y>
      </Location>
      <Size>
        <Width>113</Width>
        <Height>26</Height>
      </Size>
      <Font>
        <Name>微软雅黑</Name>
        <Size>12</Size>
        <Bold>False</Bold>
        <Italic>False</Italic>
        <Strikeout>False</Strikeout>
        <Underline>False</Underline>
      </Font>
      <TabIndex>55</TabIndex>
      <TabStop>True</TabStop>
      <Text>检查方法/技术</Text>
      <TextAlign>MiddleLeft</TextAlign>
    </StaticText>
    <StaticText>
      <Location>
        <X>22</X>
        <Y>367</Y>
      </Location>
      <Size>
        <Width>73</Width>
        <Height>26</Height>
      </Size>
      <Font>
        <Name>微软雅黑</Name>
        <Size>12</Size>
        <Bold>False</Bold>
        <Italic>False</Italic>
        <Strikeout>False</Strikeout>
        <Underline>False</Underline>
      </Font>
      <TabIndex>57</TabIndex>
      <TabStop>True</TabStop>
      <Text>检查目的</Text>
      <TextAlign>MiddleLeft</TextAlign>
    </StaticText>
    <StaticText>
      <Location>
        <X>20</X>
        <Y>326</Y>
      </Location>
      <Size>
        <Width>73</Width>
        <Height>28</Height>
      </Size>
      <Font>
        <Name>微软雅黑</Name>
        <Size>12</Size>
        <Bold>False</Bold>
        <Italic>False</Italic>
        <Strikeout>False</Strikeout>
        <Underline>False</Underline>
      </Font>
      <TabIndex>48</TabIndex>
      <TabStop>True</TabStop>
      <Text>检查部位</Text>
      <TextAlign>MiddleLeft</TextAlign>
    </StaticText>
    <StaticLine>
      <Location>
        <X>18</X>
        <Y>361</Y>
      </Location>
      <Size>
        <Width>766</Width>
        <Height>12</Height>
      </Size>
      <LineWidth>1</LineWidth>
      <Orientation>1</Orientation>
    </StaticLine>
    <StaticLine>
      <Location>
        <X>19</X>
        <Y>322</Y>
      </Location>
      <Size>
        <Width>768</Width>
        <Height>12</Height>
      </Size>
      <LineWidth>1</LineWidth>
      <Orientation>1</Orientation>
    </StaticLine>
  </Controls>
</Report>